// Jest Snapshot v1, https://goo.gl/fbAQLP

exports[`should match snapshot 1`] = `
<DocumentFragment>
  <li>
    Task: Test Task
    <button
      class="Todo-completeBtn"
    >
      Mark as completed
    </button>
    <button
      class="Todo-editBtn"
    >
      Edit
    </button>
    <button
      class="Todo-deleteBtn"
    >
      <span>
        â˜’
      </span>
    </button>
  </li>
</DocumentFragment>
`;
