// Jest Snapshot v1, https://goo.gl/fbAQLP

exports[`should matchshot 1`] = `
<DocumentFragment>
  <div
    class="Box"
    style="width: 200px; height: 200px; background-color: blue;"
  >
    <button
      class="Box-deleteBtn"
    >
      X
    </button>
  </div>
</DocumentFragment>
`;
