// Jest Snapshot v1, https://goo.gl/fbAQLP

exports[`should matchshot 1`] = `
<DocumentFragment>
  <div
    style="width: 200px; height: 200px; background-color: blue;"
  >
    <button>
      X
    </button>
    Box
  </div>
</DocumentFragment>
`;
